2729 [Test worker] INFO  c.s.project.ProjectApplicationTests - Starting ProjectApplicationTests using Java 17.0.7 with PID 11864 (started by ssama in C:\Users\ssama\workspace\git_space\SpringApplication)
2733 [Test worker] DEBUG c.s.project.ProjectApplicationTests - Running with Spring Boot v3.1.1, Spring v6.0.10
2735 [Test worker] INFO  c.s.project.ProjectApplicationTests - No active profile set, falling back to 1 default profile: "default"
13263 [Test worker] INFO  c.s.project.ProjectApplicationTests - Started ProjectApplicationTests in 11.306 seconds (process running for 15.49)
14117 [Test worker] INFO  c.sujith.project.ProjectApplication - Starting ProjectApplication using Java 17.0.7 with PID 11864 (started by ssama in C:\Users\ssama\workspace\git_space\SpringApplication)
14117 [Test worker] DEBUG c.sujith.project.ProjectApplication - Running with Spring Boot v3.1.1, Spring v6.0.10
14118 [Test worker] INFO  c.sujith.project.ProjectApplication - No active profile set, falling back to 1 default profile: "default"
15923 [Test worker] INFO  c.sujith.project.ProjectApplication - Started ProjectApplication in 1.844 seconds (process running for 18.15)
16054 [Test worker] INFO  c.s.p.c.AddressControllerTest - Starting AddressControllerTest using Java 17.0.7 with PID 11864 (started by ssama in C:\Users\ssama\workspace\git_space\SpringApplication)
16055 [Test worker] DEBUG c.s.p.c.AddressControllerTest - Running with Spring Boot v3.1.1, Spring v6.0.10
16055 [Test worker] INFO  c.s.p.c.AddressControllerTest - No active profile set, falling back to 1 default profile: "default"
17723 [Test worker] INFO  c.s.p.c.AddressControllerTest - Started AddressControllerTest in 1.715 seconds (process running for 19.95)
17993 [Test worker] INFO  c.s.p.interceptor.ApiInterceptor - preHandle method is invoked /api/address GET 1.690554914669E12
18286 [Test worker] INFO  c.s.p.interceptor.ApiInterceptor - postHandle method is invoked /api/address GET 1.690554914962E12
18286 [Test worker] INFO  c.s.p.interceptor.ApiInterceptor - after completion is invoked Time took is 0.293 seconds.
18334 [Test worker] INFO  c.s.p.interceptor.ApiInterceptor - preHandle method is invoked /api/address GET 1.69055491501E12
18376 [Test worker] INFO  c.s.p.interceptor.ApiInterceptor - after completion is invoked Time took is -0.048 seconds.
18679 [Test worker] INFO  c.s.p.c.CourseControllerTest - Starting CourseControllerTest using Java 17.0.7 with PID 11864 (started by ssama in C:\Users\ssama\workspace\git_space\SpringApplication)
18680 [Test worker] DEBUG c.s.p.c.CourseControllerTest - Running with Spring Boot v3.1.1, Spring v6.0.10
18680 [Test worker] INFO  c.s.p.c.CourseControllerTest - No active profile set, falling back to 1 default profile: "default"
19937 [Test worker] INFO  c.s.p.c.CourseControllerTest - Started CourseControllerTest in 1.294 seconds (process running for 22.164)
19951 [Test worker] INFO  c.s.p.interceptor.ApiInterceptor - preHandle method is invoked /api/courses GET 1.690554916627E12
19961 [Test worker] INFO  c.s.p.interceptor.ApiInterceptor - postHandle method is invoked /api/courses GET 1.690554916637E12
19962 [Test worker] INFO  c.s.p.interceptor.ApiInterceptor - after completion is invoked Time took is 0.01 seconds.
19979 [Test worker] INFO  c.s.p.interceptor.ApiInterceptor - preHandle method is invoked /api/courses/insertMany POST 1.690554916655E12
20170 [Test worker] INFO  c.s.p.interceptor.ApiInterceptor - postHandle method is invoked /api/courses/insertMany POST 1.690554916846E12
20171 [Test worker] INFO  c.s.p.interceptor.ApiInterceptor - after completion is invoked Time took is 0.191 seconds.
20183 [Test worker] INFO  c.s.p.interceptor.ApiInterceptor - preHandle method is invoked /api/courses POST 1.690554916859E12
20193 [Test worker] INFO  c.s.p.interceptor.ApiInterceptor - after completion is invoked Time took is -0.013 seconds.
20205 [Test worker] INFO  c.s.p.interceptor.ApiInterceptor - preHandle method is invoked /api/courses POST 1.690554916881E12
20216 [Test worker] INFO  c.s.p.interceptor.ApiInterceptor - postHandle method is invoked /api/courses POST 1.690554916892E12
20217 [Test worker] INFO  c.s.p.interceptor.ApiInterceptor - after completion is invoked Time took is 0.011 seconds.
20228 [Test worker] INFO  c.s.p.interceptor.ApiInterceptor - preHandle method is invoked /api/courses GET 1.690554916904E12
20230 [Test worker] INFO  c.s.p.interceptor.ApiInterceptor - after completion is invoked Time took is -0.012 seconds.
20252 [Test worker] INFO  c.s.p.interceptor.ApiInterceptor - preHandle method is invoked /api/courses/insertMany POST 1.690554916928E12
20259 [Test worker] INFO  c.s.p.interceptor.ApiInterceptor - after completion is invoked Time took is -0.036 seconds.
20322 [Test worker] INFO  c.s.p.c.EmployeeControllerTest - Starting EmployeeControllerTest using Java 17.0.7 with PID 11864 (started by ssama in C:\Users\ssama\workspace\git_space\SpringApplication)
20323 [Test worker] DEBUG c.s.p.c.EmployeeControllerTest - Running with Spring Boot v3.1.1, Spring v6.0.10
20323 [Test worker] INFO  c.s.p.c.EmployeeControllerTest - No active profile set, falling back to 1 default profile: "default"
21411 [Test worker] INFO  c.s.p.c.EmployeeControllerTest - Started EmployeeControllerTest in 1.129 seconds (process running for 23.638)
21428 [Test worker] INFO  c.s.p.interceptor.ApiInterceptor - preHandle method is invoked /api/employee/15 GET 1.690554918104E12
21466 [Test worker] INFO  c.s.p.interceptor.ApiInterceptor - preHandle method is invoked /api/employee/department GET 1.690554918142E12
21509 [Test worker] INFO  c.s.p.interceptor.ApiInterceptor - postHandle method is invoked /api/employee/department GET 1.690554918185E12
21510 [Test worker] INFO  c.s.p.interceptor.ApiInterceptor - after completion is invoked Time took is 0.043 seconds.
21518 [Test worker] INFO  c.s.p.interceptor.ApiInterceptor - preHandle method is invoked /api/employee/maxSalary GET 1.690554918194E12
21518 [Test worker] INFO  c.s.p.interceptor.ApiInterceptor - postHandle method is invoked /api/employee/maxSalary GET 1.690554918194E12
21518 [Test worker] INFO  c.s.p.interceptor.ApiInterceptor - after completion is invoked Time took is 0.0 seconds.
21589 [Test worker] INFO  c.s.p.interceptor.ApiInterceptor - preHandle method is invoked /api/employee/updateSalaryById PUT 1.690554918265E12
21598 [Test worker] INFO  c.s.p.interceptor.ApiInterceptor - postHandle method is invoked /api/employee/updateSalaryById PUT 1.690554918274E12
21598 [Test worker] INFO  c.s.p.interceptor.ApiInterceptor - after completion is invoked Time took is 0.009 seconds.
21614 [Test worker] INFO  c.s.p.interceptor.ApiInterceptor - preHandle method is invoked /api/employee/findAll GET 1.69055491829E12
21616 [Test worker] INFO  c.s.p.interceptor.ApiInterceptor - postHandle method is invoked /api/employee/findAll GET 1.690554918292E12
21617 [Test worker] INFO  c.s.p.interceptor.ApiInterceptor - after completion is invoked Time took is 0.002 seconds.
21631 [Test worker] INFO  c.s.p.interceptor.ApiInterceptor - preHandle method is invoked /api/employee/course GET 1.690554918307E12
21633 [Test worker] INFO  c.s.p.interceptor.ApiInterceptor - postHandle method is invoked /api/employee/course GET 1.690554918309E12
21634 [Test worker] INFO  c.s.p.interceptor.ApiInterceptor - after completion is invoked Time took is 0.002 seconds.
21650 [Test worker] INFO  c.s.p.interceptor.ApiInterceptor - preHandle method is invoked /api/employee POST 1.690554918326E12
21681 [Test worker] INFO  c.s.p.interceptor.ApiInterceptor - postHandle method is invoked /api/employee POST 1.690554918357E12
21682 [Test worker] INFO  c.s.p.interceptor.ApiInterceptor - after completion is invoked Time took is 0.031 seconds.
21700 [Test worker] INFO  c.s.p.interceptor.ApiInterceptor - preHandle method is invoked /api/employee/1 DELETE 1.690554918376E12
21704 [Test worker] INFO  c.s.p.interceptor.ApiInterceptor - after completion is invoked Time took is -0.019 seconds.
21717 [Test worker] INFO  c.s.p.interceptor.ApiInterceptor - preHandle method is invoked /api/employee GET 1.690554918393E12
21724 [Test worker] INFO  c.s.p.interceptor.ApiInterceptor - after completion is invoked Time took is -0.036 seconds.
21741 [Test worker] INFO  c.s.p.interceptor.ApiInterceptor - preHandle method is invoked /api/employee PUT 1.690554918417E12
21747 [Test worker] INFO  c.s.p.interceptor.ApiInterceptor - after completion is invoked Time took is -0.06 seconds.
21761 [Test worker] INFO  c.s.p.interceptor.ApiInterceptor - preHandle method is invoked /api/employee GET 1.690554918437E12
21838 [Test worker] INFO  c.s.p.interceptor.ApiInterceptor - after completion is invoked Time took is -0.08 seconds.
21853 [Test worker] INFO  c.s.p.interceptor.ApiInterceptor - preHandle method is invoked /api/employee/department/maxSalary GET 1.690554918529E12
21859 [Test worker] INFO  c.s.p.interceptor.ApiInterceptor - after completion is invoked Time took is -0.172 seconds.
21873 [Test worker] INFO  c.s.p.interceptor.ApiInterceptor - preHandle method is invoked /api/employee/maxSalary GET 1.690554918549E12
21880 [Test worker] INFO  c.s.p.interceptor.ApiInterceptor - after completion is invoked Time took is -0.192 seconds.
21895 [Test worker] INFO  c.s.p.interceptor.ApiInterceptor - preHandle method is invoked /api/employee PUT 1.690554918571E12
21899 [Test worker] INFO  c.s.p.interceptor.ApiInterceptor - postHandle method is invoked /api/employee PUT 1.690554918575E12
21899 [Test worker] INFO  c.s.p.interceptor.ApiInterceptor - after completion is invoked Time took is 0.004 seconds.
21917 [Test worker] INFO  c.s.p.interceptor.ApiInterceptor - preHandle method is invoked /api/employee/insertAll POST 1.690554918593E12
21935 [Test worker] INFO  c.s.p.interceptor.ApiInterceptor - postHandle method is invoked /api/employee/insertAll POST 1.690554918611E12
21936 [Test worker] INFO  c.s.p.interceptor.ApiInterceptor - after completion is invoked Time took is 0.018 seconds.
21952 [Test worker] INFO  c.s.p.interceptor.ApiInterceptor - preHandle method is invoked /api/employee/1 GET 1.690554918628E12
21963 [Test worker] INFO  c.s.p.interceptor.ApiInterceptor - postHandle method is invoked /api/employee/1 GET 1.690554918639E12
21963 [Test worker] INFO  c.s.p.interceptor.ApiInterceptor - after completion is invoked Time took is 0.011 seconds.
21991 [Test worker] INFO  c.s.p.interceptor.ApiInterceptor - preHandle method is invoked /api/employee/department GET 1.690554918667E12
21998 [Test worker] INFO  c.s.p.interceptor.ApiInterceptor - after completion is invoked Time took is -0.028 seconds.
22011 [Test worker] INFO  c.s.p.interceptor.ApiInterceptor - preHandle method is invoked /api/employee/0 GET 1.690554918687E12
22018 [Test worker] INFO  c.s.p.interceptor.ApiInterceptor - after completion is invoked Time took is -0.048 seconds.
22030 [Test worker] INFO  c.s.p.interceptor.ApiInterceptor - preHandle method is invoked /api/employee/findAll GET 1.690554918706E12
22035 [Test worker] INFO  c.s.p.interceptor.ApiInterceptor - after completion is invoked Time took is -0.067 seconds.
22044 [Test worker] INFO  c.s.p.interceptor.ApiInterceptor - preHandle method is invoked /api/employee/course GET 1.69055491872E12
22049 [Test worker] INFO  c.s.p.interceptor.ApiInterceptor - after completion is invoked Time took is -0.081 seconds.
22064 [Test worker] INFO  c.s.p.interceptor.ApiInterceptor - preHandle method is invoked /api/employee/updateSalaryById PUT 1.69055491874E12
22069 [Test worker] INFO  c.s.p.interceptor.ApiInterceptor - after completion is invoked Time took is -0.101 seconds.
22083 [Test worker] INFO  c.s.p.interceptor.ApiInterceptor - preHandle method is invoked /api/employee/department/maxSalary GET 1.690554918759E12
22086 [Test worker] INFO  c.s.p.interceptor.ApiInterceptor - postHandle method is invoked /api/employee/department/maxSalary GET 1.690554918762E12
22087 [Test worker] INFO  c.s.p.interceptor.ApiInterceptor - after completion is invoked Time took is 0.003 seconds.
22098 [Test worker] INFO  c.s.p.interceptor.ApiInterceptor - preHandle method is invoked /api/employee/1 DELETE 1.690554918774E12
22101 [Test worker] INFO  c.s.p.interceptor.ApiInterceptor - postHandle method is invoked /api/employee/1 DELETE 1.690554918777E12
22103 [Test worker] INFO  c.s.p.interceptor.ApiInterceptor - after completion is invoked Time took is 0.003 seconds.
22113 [Test worker] INFO  c.s.p.interceptor.ApiInterceptor - preHandle method is invoked /api/employee GET 1.690554918789E12
22117 [Test worker] INFO  c.s.p.interceptor.ApiInterceptor - postHandle method is invoked /api/employee GET 1.690554918793E12
22118 [Test worker] INFO  c.s.p.interceptor.ApiInterceptor - after completion is invoked Time took is 0.004 seconds.
22196 [Test worker] INFO  c.s.p.service.AddressServiceTest - Starting AddressServiceTest using Java 17.0.7 with PID 11864 (started by ssama in C:\Users\ssama\workspace\git_space\SpringApplication)
22198 [Test worker] DEBUG c.s.p.service.AddressServiceTest - Running with Spring Boot v3.1.1, Spring v6.0.10
22198 [Test worker] INFO  c.s.p.service.AddressServiceTest - No active profile set, falling back to 1 default profile: "default"
23348 [Test worker] INFO  c.s.p.service.AddressServiceTest - Started AddressServiceTest in 1.191 seconds (process running for 25.575)
23504 [Test worker] INFO  c.s.p.service.CourseServiceTest - Starting CourseServiceTest using Java 17.0.7 with PID 11864 (started by ssama in C:\Users\ssama\workspace\git_space\SpringApplication)
23505 [Test worker] DEBUG c.s.p.service.CourseServiceTest - Running with Spring Boot v3.1.1, Spring v6.0.10
23507 [Test worker] INFO  c.s.p.service.CourseServiceTest - No active profile set, falling back to 1 default profile: "default"
24589 [Test worker] INFO  c.s.p.service.CourseServiceTest - Started CourseServiceTest in 1.148 seconds (process running for 26.816)
24606 [Test worker] ERROR c.s.p.jpaservice.CourseJpaService - Invalid coursename
24709 [Test worker] INFO  c.s.p.service.EmployeeServiceTest - Starting EmployeeServiceTest using Java 17.0.7 with PID 11864 (started by ssama in C:\Users\ssama\workspace\git_space\SpringApplication)
24709 [Test worker] DEBUG c.s.p.service.EmployeeServiceTest - Running with Spring Boot v3.1.1, Spring v6.0.10
24711 [Test worker] INFO  c.s.p.service.EmployeeServiceTest - No active profile set, falling back to 1 default profile: "default"
25712 [Test worker] INFO  c.s.p.service.EmployeeServiceTest - Started EmployeeServiceTest in 1.032 seconds (process running for 27.939)
25769 [Test worker] INFO  c.s.p.jpaservice.EmployeeJpaService - Course already exists !
25769 [Test worker] INFO  c.s.p.jpaservice.EmployeeJpaService - Course already exists !
25813 [Test worker] INFO  c.s.p.jpaservice.EmployeeJpaService - Course already exists !
25813 [Test worker] INFO  c.s.p.jpaservice.EmployeeJpaService - Course already exists !
25852 [Test worker] ERROR c.s.p.jpaservice.EmployeeJpaService - Employee with id : 0  does not exist ! 
25907 [Test worker] ERROR c.s.p.jpaservice.EmployeeJpaService - Employee with lastname sujith is not inserted
